// Jest Snapshot v1, https://goo.gl/fbAQLP

exports[`Design System - Container Should match snapshot: DS_Container 1`] = `
<RCTSafeAreaView
  emulateUnlessSupported={true}
  style={
    Array [
      Object {
        "backgroundColor": "#222",
      },
    ]
  }
>
  <RCTScrollView
    style={
      Array [
        Object {},
      ]
    }
  >
    <View />
  </RCTScrollView>
</RCTSafeAreaView>
`;
