// Jest Snapshot v1, https://goo.gl/fbAQLP

exports[`Design System - Card Should match snapshot: DS_Card 1`] = `
<View
  accessible={true}
  focusable={true}
  onClick={[Function]}
  onResponderGrant={[Function]}
  onResponderMove={[Function]}
  onResponderRelease={[Function]}
  onResponderTerminate={[Function]}
  onResponderTerminationRequest={[Function]}
  onStartShouldSetResponder={[Function]}
  style={
    Object {
      "backgroundColor": "#222222",
      "borderColor": "rgba(230,230,230,.9)",
      "borderRadius": 16,
      "borderWidth": 0.6,
      "flexBasis": 0,
      "flexGrow": 0.5,
      "flexShrink": 1,
      "height": 250,
      "marginBottom": 8,
      "marginLeft": 8,
      "marginRight": 8,
      "marginTop": 8,
      "opacity": 1,
    }
  }
  testID="button-card"
>
  <Image
    resizeMode="cover"
    source={
      Object {
        "uri": "https://algumacoisa.com.br/sasad.jpg",
      }
    }
    style={
      Array [
        Object {
          "borderRadius": 16,
          "flexBasis": 0,
          "flexGrow": 1,
          "flexShrink": 1,
        },
      ]
    }
  />
  <View
    style={
      Array [
        Object {
          "borderRadius": 16,
          "height": "100%",
          "position": "absolute",
          "width": "100%",
        },
      ]
    }
  >
    <View
      style={
        Array [
          Object {
            "backgroundColor": "rgba(0, 0, 0, 0.65)",
            "borderTopLeftRadius": 16,
            "borderTopRightRadius": 16,
            "flexBasis": 0,
            "flexGrow": 1,
            "flexShrink": 1,
            "paddingBottom": 8,
            "paddingLeft": 8,
            "paddingRight": 8,
            "paddingTop": 8,
          },
        ]
      }
    >
      <Text
        style={
          Array [
            Object {
              "color": "#fff",
              "fontSize": 14,
              "marginTop": 6,
            },
          ]
        }
      >
        14/06/2021
        Ô∏è
      </Text>
      <Text
        style={
          Array [
            Object {
              "color": "#fff",
              "fontSize": 17,
              "fontWeight": "800",
            },
          ]
        }
      >
        Warriors Airsoft
      </Text>
      <Text
        ellipsizeMode="tail"
        numberOfLines={6}
        style={
          Array [
            Object {
              "color": "#fff",
              "fontSize": 14,
              "fontWeight": "400",
              "marginTop": 6,
            },
          ]
        }
      >
        Description 1234
      </Text>
    </View>
    <View
      style={
        Array [
          Object {
            "backgroundColor": "#ccc",
            "borderBottomLeftRadius": 16,
            "borderBottomRightRadius": 16,
            "flexBasis": 0,
            "flexGrow": 0.3,
            "flexShrink": 1,
            "paddingBottom": 4,
            "paddingLeft": 6,
            "paddingRight": 6,
          },
        ]
      }
    >
      <Text
        numberOfLines={1}
        style={
          Array [
            Object {
              "fontSize": 16,
              "fontWeight": "500",
              "marginTop": 2,
            },
          ]
        }
      >
        Sorocaba - SP
      </Text>
      <View
        style={
          Array [
            Object {
              "alignItems": "flex-end",
              "flexBasis": 0,
              "flexDirection": "row",
              "flexGrow": 1,
              "flexShrink": 1,
              "justifyContent": "space-around",
            },
          ]
        }
      >
        <View
          style={
            Array [
              Object {
                "flexDirection": "row",
              },
            ]
          }
        >
          <Text
            style={
              Array [
                Object {
                  "color": "#11429b",
                },
              ]
            }
          >
            250
          </Text>
          <RNSVGSvgView
            align="xMidYMid"
            bbHeight={19}
            bbWidth={19}
            fill="#11429b"
            focusable={false}
            height={19}
            meetOrSlice={0}
            minX={0}
            minY={0}
            secondaryFill={null}
            secondaryOpacity={0.4}
            size={19}
            style={
              Array [
                Object {
                  "backgroundColor": "transparent",
                  "borderWidth": 0,
                },
                Object {
                  "marginLeft": 4,
                },
                Object {
                  "flex": 0,
                  "height": 19,
                  "width": 19,
                },
              ]
            }
            vbHeight={512}
            vbWidth={640}
            width={19}
          >
            <RNSVGGroup
              fill={4279321243}
              propList={
                Array [
                  "fill",
                ]
              }
            >
              <RNSVGPath
                d="M96 224c35.3 0 64-28.7 64-64s-28.7-64-64-64-64 28.7-64 64 28.7 64 64 64zm448 0c35.3 0 64-28.7 64-64s-28.7-64-64-64-64 28.7-64 64 28.7 64 64 64zm32 32h-64c-17.6 0-33.5 7.1-45.1 18.6 40.3 22.1 68.9 62 75.1 109.4h66c17.7 0 32-14.3 32-32v-32c0-35.3-28.7-64-64-64zm-256 0c61.9 0 112-50.1 112-112S381.9 32 320 32 208 82.1 208 144s50.1 112 112 112zm76.8 32h-8.3c-20.8 10-43.9 16-68.5 16s-47.6-6-68.5-16h-8.3C179.6 288 128 339.6 128 403.2V432c0 26.5 21.5 48 48 48h288c26.5 0 48-21.5 48-48v-28.8c0-63.6-51.6-115.2-115.2-115.2zm-223.7-13.4C161.5 263.1 145.6 256 128 256H64c-35.3 0-64 28.7-64 64v32c0 17.7 14.3 32 32 32h65.9c6.3-47.4 34.9-87.3 75.2-109.4z"
                fill={4279321243}
                fillOpacity={1}
                propList={
                  Array [
                    "fill",
                    "fillOpacity",
                  ]
                }
              />
            </RNSVGGroup>
          </RNSVGSvgView>
        </View>
        <View
          style={
            Array [
              Object {
                "flexDirection": "row",
              },
            ]
          }
        >
          <Text
            style={
              Array [
                Object {
                  "color": "#11429b",
                },
              ]
            }
          >
            40,4 KM
          </Text>
          <RNSVGSvgView
            align="xMidYMid"
            bbHeight={19}
            bbWidth={19}
            fill="#11429b"
            focusable={false}
            height={19}
            meetOrSlice={0}
            minX={0}
            minY={0}
            secondaryFill={null}
            secondaryOpacity={0.4}
            size={19}
            style={
              Array [
                Object {
                  "backgroundColor": "transparent",
                  "borderWidth": 0,
                },
                Object {
                  "marginLeft": 4,
                },
                Object {
                  "flex": 0,
                  "height": 19,
                  "width": 19,
                },
              ]
            }
            vbHeight={512}
            vbWidth={512}
            width={19}
          >
            <RNSVGGroup
              fill={4279321243}
              propList={
                Array [
                  "fill",
                ]
              }
            >
              <RNSVGPath
                d="M416 320h-96c-17.6 0-32-14.4-32-32s14.4-32 32-32h96s96-107 96-160-43-96-96-96-96 43-96 96c0 25.5 22.2 63.4 45.3 96H320c-52.9 0-96 43.1-96 96s43.1 96 96 96h96c17.6 0 32 14.4 32 32s-14.4 32-32 32H185.5c-16 24.8-33.8 47.7-47.3 64H416c52.9 0 96-43.1 96-96s-43.1-96-96-96zm0-256c17.7 0 32 14.3 32 32s-14.3 32-32 32-32-14.3-32-32 14.3-32 32-32zM96 256c-53 0-96 43-96 96s96 160 96 160 96-107 96-160-43-96-96-96zm0 128c-17.7 0-32-14.3-32-32s14.3-32 32-32 32 14.3 32 32-14.3 32-32 32z"
                fill={4279321243}
                fillOpacity={1}
                propList={
                  Array [
                    "fill",
                    "fillOpacity",
                  ]
                }
              />
            </RNSVGGroup>
          </RNSVGSvgView>
        </View>
      </View>
    </View>
  </View>
</View>
`;
